in_source_code: |
  /out 'hello world';
in_input_data: ""
in_output_format: "text"
in_log_level: "trace"
out_compiled: ""
out_log: ""
out_output: "hello world"